nohup: ignoring input
Forwarding from 127.0.0.1:9091 -> 8080
Forwarding from [::1]:9091 -> 8080
Handling connection for 9091
Handling connection for 9091
Handling connection for 9091
Handling connection for 9091
Handling connection for 9091
Handling connection for 9091
Handling connection for 9091
Handling connection for 9091
Handling connection for 9091
Handling connection for 9091
Handling connection for 9091
Handling connection for 9091
Handling connection for 9091
Handling connection for 9091
Handling connection for 9091
Handling connection for 9091
Handling connection for 9091
Handling connection for 9091
Handling connection for 9091
Handling connection for 9091
Handling connection for 9091
Handling connection for 9091
Handling connection for 9091
Handling connection for 9091
Handling connection for 9091
Handling connection for 9091
Handling connection for 9091
Handling connection for 9091
Handling connection for 9091
Handling connection for 9091
Handling connection for 9091
Handling connection for 9091
Handling connection for 9091
Handling connection for 9091
Handling connection for 9091
Handling connection for 9091
Handling connection for 9091
E0928 05:24:16.138929   44525 portforward.go:404] "Unhandled Error" err="error copying from local connection to remote stream: writeto tcp4 127.0.0.1:9091->127.0.0.1:45870: read tcp4 127.0.0.1:9091->127.0.0.1:45870: read: connection reset by peer"
Handling connection for 9091
E0928 05:24:17.167748   44525 portforward.go:391] "Unhandled Error" err="error copying from remote stream to local connection: readfrom tcp4 127.0.0.1:9091->127.0.0.1:45898: write tcp4 127.0.0.1:9091->127.0.0.1:45898: write: broken pipe"
Handling connection for 9091
Handling connection for 9091
Handling connection for 9091
Handling connection for 9091
Handling connection for 9091
Handling connection for 9091
Handling connection for 9091
Handling connection for 9091
Handling connection for 9091
Handling connection for 9091
Handling connection for 9091
Handling connection for 9091
E0928 05:25:16.423106   44525 portforward.go:391] "Unhandled Error" err="error copying from remote stream to local connection: readfrom tcp6 [::1]:9091->[::1]:46986: write tcp6 [::1]:9091->[::1]:46986: write: broken pipe"
Handling connection for 9091
Handling connection for 9091
Handling connection for 9091
Handling connection for 9091
Handling connection for 9091
Handling connection for 9091
Handling connection for 9091
Handling connection for 9091
E0928 05:36:05.607008   44525 portforward.go:391] "Unhandled Error" err="error copying from remote stream to local connection: readfrom tcp6 [::1]:9091->[::1]:42106: write tcp6 [::1]:9091->[::1]:42106: write: broken pipe"
Handling connection for 9091
Handling connection for 9091
Handling connection for 9091
Handling connection for 9091
E0928 05:37:57.420513   44525 portforward.go:391] "Unhandled Error" err="error copying from remote stream to local connection: readfrom tcp6 [::1]:9091->[::1]:48720: write tcp6 [::1]:9091->[::1]:48720: write: broken pipe"
Handling connection for 9091
Handling connection for 9091
Handling connection for 9091
Handling connection for 9091
Handling connection for 9091
Handling connection for 9091
Handling connection for 9091
Handling connection for 9091
Handling connection for 9091
Handling connection for 9091
E0928 05:40:58.421856   44525 portforward.go:391] "Unhandled Error" err="error copying from remote stream to local connection: readfrom tcp6 [::1]:9091->[::1]:51870: write tcp6 [::1]:9091->[::1]:51870: write: broken pipe"
Handling connection for 9091
Handling connection for 9091
Handling connection for 9091
Handling connection for 9091
E0928 05:43:28.440844   44525 portforward.go:391] "Unhandled Error" err="error copying from remote stream to local connection: readfrom tcp6 [::1]:9091->[::1]:59076: write tcp6 [::1]:9091->[::1]:59076: write: broken pipe"
Handling connection for 9091
Handling connection for 9091
Handling connection for 9091
Handling connection for 9091
Handling connection for 9091
Handling connection for 9091
Handling connection for 9091
Handling connection for 9091
Handling connection for 9091
Handling connection for 9091
Handling connection for 9091
Handling connection for 9091
E0928 05:46:19.438568   44525 portforward.go:391] "Unhandled Error" err="error copying from remote stream to local connection: readfrom tcp6 [::1]:9091->[::1]:37380: write tcp6 [::1]:9091->[::1]:37380: write: broken pipe"
Handling connection for 9091
Handling connection for 9091
Handling connection for 9091
Handling connection for 9091
E0928 05:47:51.407161   44525 portforward.go:391] "Unhandled Error" err="error copying from remote stream to local connection: readfrom tcp6 [::1]:9091->[::1]:47318: write tcp6 [::1]:9091->[::1]:47318: write: broken pipe"
Handling connection for 9091
Handling connection for 9091
Handling connection for 9091
Handling connection for 9091
Handling connection for 9091
Handling connection for 9091
Handling connection for 9091
Handling connection for 9091
Handling connection for 9091
Handling connection for 9091
E0928 05:48:55.417374   44525 portforward.go:391] "Unhandled Error" err="error copying from remote stream to local connection: readfrom tcp6 [::1]:9091->[::1]:38082: write tcp6 [::1]:9091->[::1]:38082: write: broken pipe"
Handling connection for 9091
Handling connection for 9091
Handling connection for 9091
Handling connection for 9091
E0928 05:49:04.418648   44525 portforward.go:391] "Unhandled Error" err="error copying from remote stream to local connection: readfrom tcp6 [::1]:9091->[::1]:49574: write tcp6 [::1]:9091->[::1]:49574: write: broken pipe"
Handling connection for 9091
Handling connection for 9091
Handling connection for 9091
Handling connection for 9091
E0928 05:49:09.438639   44525 portforward.go:391] "Unhandled Error" err="error copying from remote stream to local connection: readfrom tcp6 [::1]:9091->[::1]:34614: write tcp6 [::1]:9091->[::1]:34614: write: broken pipe"
E0928 05:49:09.441752   44525 portforward.go:391] "Unhandled Error" err="error copying from remote stream to local connection: readfrom tcp6 [::1]:9091->[::1]:34602: write tcp6 [::1]:9091->[::1]:34602: write: broken pipe"
Handling connection for 9091
Handling connection for 9091
Handling connection for 9091
Handling connection for 9091
Handling connection for 9091
Handling connection for 9091
Handling connection for 9091
Handling connection for 9091
Handling connection for 9091
Handling connection for 9091
E0928 05:49:54.703824   44525 portforward.go:391] "Unhandled Error" err="error copying from remote stream to local connection: readfrom tcp6 [::1]:9091->[::1]:59192: write tcp6 [::1]:9091->[::1]:59192: write: broken pipe"
Handling connection for 9091
Handling connection for 9091
Handling connection for 9091
Handling connection for 9091
Handling connection for 9091
Handling connection for 9091
Handling connection for 9091
Handling connection for 9091
Handling connection for 9091
Handling connection for 9091
Handling connection for 9091
Handling connection for 9091
Handling connection for 9091
Handling connection for 9091
Handling connection for 9091
E0928 05:50:41.451097   44525 portforward.go:391] "Unhandled Error" err="error copying from remote stream to local connection: readfrom tcp6 [::1]:9091->[::1]:39670: write tcp6 [::1]:9091->[::1]:39670: write: broken pipe"
Handling connection for 9091
Handling connection for 9091
Handling connection for 9091
Handling connection for 9091
Handling connection for 9091
Handling connection for 9091
Handling connection for 9091
Handling connection for 9091
Handling connection for 9091
Handling connection for 9091
Handling connection for 9091
Handling connection for 9091
E0928 06:02:47.800570   44525 portforward.go:391] "Unhandled Error" err="error copying from remote stream to local connection: readfrom tcp6 [::1]:9091->[::1]:57714: write tcp6 [::1]:9091->[::1]:57714: write: broken pipe"
Handling connection for 9091
Handling connection for 9091
Handling connection for 9091
Handling connection for 9091
Handling connection for 9091
Handling connection for 9091
Handling connection for 9091
Handling connection for 9091
Handling connection for 9091
Handling connection for 9091
Handling connection for 9091
Handling connection for 9091
Handling connection for 9091
Handling connection for 9091
Handling connection for 9091
Handling connection for 9091
Handling connection for 9091
Handling connection for 9091
Handling connection for 9091
Handling connection for 9091
Handling connection for 9091
Handling connection for 9091
Handling connection for 9091
Handling connection for 9091
Handling connection for 9091
Handling connection for 9091
Handling connection for 9091
Handling connection for 9091
Handling connection for 9091
Handling connection for 9091
Handling connection for 9091
Handling connection for 9091
Handling connection for 9091
Handling connection for 9091
Handling connection for 9091
Handling connection for 9091
Handling connection for 9091
E0928 06:04:14.466675   44525 portforward.go:391] "Unhandled Error" err="error copying from remote stream to local connection: readfrom tcp6 [::1]:9091->[::1]:40236: write tcp6 [::1]:9091->[::1]:40236: write: broken pipe"
Handling connection for 9091
Handling connection for 9091
Handling connection for 9091
Handling connection for 9091
E0928 06:04:39.210096   44525 portforward.go:391] "Unhandled Error" err="error copying from remote stream to local connection: readfrom tcp6 [::1]:9091->[::1]:44902: write tcp6 [::1]:9091->[::1]:44902: write: broken pipe"
Handling connection for 9091
Handling connection for 9091
Handling connection for 9091
Handling connection for 9091
Handling connection for 9091
Handling connection for 9091
Handling connection for 9091
Handling connection for 9091
Handling connection for 9091
Handling connection for 9091
Handling connection for 9091
Handling connection for 9091
Handling connection for 9091
E0928 06:05:20.411134   44525 portforward.go:391] "Unhandled Error" err="error copying from remote stream to local connection: readfrom tcp6 [::1]:9091->[::1]:44984: write tcp6 [::1]:9091->[::1]:44984: write: broken pipe"
Handling connection for 9091
Handling connection for 9091
Handling connection for 9091
Handling connection for 9091
Handling connection for 9091
Handling connection for 9091
Handling connection for 9091
Handling connection for 9091
Handling connection for 9091
Handling connection for 9091
Handling connection for 9091
Handling connection for 9091
Handling connection for 9091
Handling connection for 9091
Handling connection for 9091
Handling connection for 9091
Handling connection for 9091
E0928 06:05:59.418626   44525 portforward.go:391] "Unhandled Error" err="error copying from remote stream to local connection: readfrom tcp6 [::1]:9091->[::1]:59762: write tcp6 [::1]:9091->[::1]:59762: write: broken pipe"
E0928 06:05:59.418876   44525 portforward.go:391] "Unhandled Error" err="error copying from remote stream to local connection: readfrom tcp6 [::1]:9091->[::1]:59778: write tcp6 [::1]:9091->[::1]:59778: write: broken pipe"
Handling connection for 9091
Handling connection for 9091
Handling connection for 9091
Handling connection for 9091
Handling connection for 9091
Handling connection for 9091
Handling connection for 9091
Handling connection for 9091
Handling connection for 9091
Handling connection for 9091
E0928 06:14:03.418927   44525 portforward.go:391] "Unhandled Error" err="error copying from remote stream to local connection: readfrom tcp6 [::1]:9091->[::1]:44276: write tcp6 [::1]:9091->[::1]:44276: write: broken pipe"
Handling connection for 9091
Handling connection for 9091
Handling connection for 9091
Handling connection for 9091
Handling connection for 9091
Handling connection for 9091
Handling connection for 9091
Handling connection for 9091
Handling connection for 9091
Handling connection for 9091
Handling connection for 9091
Handling connection for 9091
Handling connection for 9091
Handling connection for 9091
Handling connection for 9091
Handling connection for 9091
Handling connection for 9091
Handling connection for 9091
Handling connection for 9091
Handling connection for 9091
Handling connection for 9091
Handling connection for 9091
Handling connection for 9091
Handling connection for 9091
Handling connection for 9091
Handling connection for 9091
E0928 06:37:37.419990   44525 portforward.go:391] "Unhandled Error" err="error copying from remote stream to local connection: readfrom tcp6 [::1]:9091->[::1]:46324: write tcp6 [::1]:9091->[::1]:46324: write: broken pipe"
Handling connection for 9091
Handling connection for 9091
Handling connection for 9091
Handling connection for 9091
Handling connection for 9091
Handling connection for 9091
Handling connection for 9091
Handling connection for 9091
Handling connection for 9091
Handling connection for 9091
Handling connection for 9091
Handling connection for 9091
Handling connection for 9091
Handling connection for 9091
Handling connection for 9091
Handling connection for 9091
Handling connection for 9091
Handling connection for 9091
Handling connection for 9091
Handling connection for 9091
Handling connection for 9091
Handling connection for 9091
Handling connection for 9091
Handling connection for 9091
Handling connection for 9091
Handling connection for 9091
Handling connection for 9091
Handling connection for 9091
E0928 08:35:13.516279   44525 portforward.go:391] "Unhandled Error" err="error copying from remote stream to local connection: readfrom tcp6 [::1]:9091->[::1]:60176: write tcp6 [::1]:9091->[::1]:60176: write: broken pipe"
Handling connection for 9091
Handling connection for 9091
Handling connection for 9091
Handling connection for 9091
Handling connection for 9091
Handling connection for 9091
Handling connection for 9091
Handling connection for 9091
Handling connection for 9091
Handling connection for 9091
Handling connection for 9091
Handling connection for 9091
Handling connection for 9091
Handling connection for 9091
Handling connection for 9091
Handling connection for 9091
Handling connection for 9091
Handling connection for 9091
E0928 10:26:38.487723   44525 portforward.go:391] "Unhandled Error" err="error copying from remote stream to local connection: readfrom tcp6 [::1]:9091->[::1]:39302: write tcp6 [::1]:9091->[::1]:39302: write: broken pipe"
Handling connection for 9091
Handling connection for 9091
Handling connection for 9091
Handling connection for 9091
Handling connection for 9091
Handling connection for 9091
Handling connection for 9091
Handling connection for 9091
Handling connection for 9091
Handling connection for 9091
Handling connection for 9091
Handling connection for 9091
E0928 10:46:57.033156   44525 portforward.go:391] "Unhandled Error" err="error copying from remote stream to local connection: readfrom tcp6 [::1]:9091->[::1]:44766: write tcp6 [::1]:9091->[::1]:44766: write: broken pipe"
Handling connection for 9091
Handling connection for 9091
Handling connection for 9091
Handling connection for 9091
Handling connection for 9091
Handling connection for 9091
Handling connection for 9091
Handling connection for 9091
Handling connection for 9091
Handling connection for 9091
Handling connection for 9091
Handling connection for 9091
Handling connection for 9091
Handling connection for 9091
Handling connection for 9091
Handling connection for 9091
E0928 10:47:03.435083   44525 portforward.go:391] "Unhandled Error" err="error copying from remote stream to local connection: readfrom tcp6 [::1]:9091->[::1]:47882: write tcp6 [::1]:9091->[::1]:47882: write: broken pipe"
Handling connection for 9091
Handling connection for 9091
Handling connection for 9091
Handling connection for 9091
Handling connection for 9091
Handling connection for 9091
Handling connection for 9091
Handling connection for 9091
Handling connection for 9091
Handling connection for 9091
Handling connection for 9091
Handling connection for 9091
Handling connection for 9091
Handling connection for 9091
Handling connection for 9091
Handling connection for 9091
Handling connection for 9091
Handling connection for 9091
Handling connection for 9091
Handling connection for 9091
Handling connection for 9091
Handling connection for 9091
Handling connection for 9091
Handling connection for 9091
Handling connection for 9091
Handling connection for 9091
Handling connection for 9091
Handling connection for 9091
Handling connection for 9091
Handling connection for 9091
Handling connection for 9091
Handling connection for 9091
Handling connection for 9091
Handling connection for 9091
Handling connection for 9091
Handling connection for 9091
Handling connection for 9091
Handling connection for 9091
Handling connection for 9091
Handling connection for 9091
Handling connection for 9091
Handling connection for 9091
E0928 12:11:13.484348   44525 portforward.go:391] "Unhandled Error" err="error copying from remote stream to local connection: readfrom tcp6 [::1]:9091->[::1]:60508: write tcp6 [::1]:9091->[::1]:60508: write: broken pipe"
error: lost connection to pod
