nohup: ignoring input
Forwarding from 127.0.0.1:9090 -> 9090
Forwarding from [::1]:9090 -> 9090
Handling connection for 9090
Handling connection for 9090
Handling connection for 9090
Handling connection for 9090
Handling connection for 9090
Handling connection for 9090
Handling connection for 9090
Handling connection for 9090
Handling connection for 9090
Handling connection for 9090
Handling connection for 9090
Handling connection for 9090
Handling connection for 9090
Handling connection for 9090
Handling connection for 9090
Handling connection for 9090
Handling connection for 9090
Handling connection for 9090
Handling connection for 9090
Handling connection for 9090
Handling connection for 9090
Handling connection for 9090
Handling connection for 9090
Handling connection for 9090
Handling connection for 9090
Handling connection for 9090
Handling connection for 9090
Handling connection for 9090
Handling connection for 9090
Handling connection for 9090
Handling connection for 9090
Handling connection for 9090
Handling connection for 9090
Handling connection for 9090
Handling connection for 9090
Handling connection for 9090
Handling connection for 9090
Handling connection for 9090
Handling connection for 9090
Handling connection for 9090
E0928 11:02:05.868288   74664 portforward.go:424] "Unhandled Error" err="an error occurred forwarding 9090 -> 9090: error forwarding port 9090 to pod 0d74225026926fe9c183f921d71047fb88bb97aa872a454e161c7a65e69c6958, uid : Error response from daemon: No such container: 0d74225026926fe9c183f921d71047fb88bb97aa872a454e161c7a65e69c6958"
E0928 11:02:05.868299   74664 portforward.go:424] "Unhandled Error" err="an error occurred forwarding 9090 -> 9090: error forwarding port 9090 to pod 0d74225026926fe9c183f921d71047fb88bb97aa872a454e161c7a65e69c6958, uid : Error response from daemon: No such container: 0d74225026926fe9c183f921d71047fb88bb97aa872a454e161c7a65e69c6958"
error: lost connection to pod
